[0m03:09:29.704991 [debug] [MainThread]: Sending event: {'category': 'dbt', 'action': 'invocation', 'label': 'start', 'context': [<snowplow_tracker.self_describing_json.SelfDescribingJson object at 0x10a348d90>, <snowplow_tracker.self_describing_json.SelfDescribingJson object at 0x10a3b5290>, <snowplow_tracker.self_describing_json.SelfDescribingJson object at 0x10a3d3e90>]}


============================== 03:09:29.707345 | b237b392-c451-49ac-91e5-15e4a756eaf0 ==============================
[0m03:09:29.707345 [info ] [MainThread]: Running with dbt=1.11.8
[0m03:09:29.707606 [debug] [MainThread]: running dbt with arguments {'printer_width': '80', 'no_print': 'None', 'static_parser': 'True', 'invocation_command': 'dbt init smartshop_dbt', 'write_json': 'True', 'version_check': 'True', 'target_path': 'None', 'cache_selected_only': 'False', 'empty': 'None', 'warn_error': 'None', 'debug': 'False', 'warn_error_options': 'WarnErrorOptionsV2(error=[], warn=[], silence=[])', 'log_path': 'logs', 'log_format': 'default', 'log_cache_events': 'False', 'quiet': 'False', 'fail_fast': 'False', 'send_anonymous_usage_stats': 'True', 'partial_parse': 'True', 'use_colors': 'True', 'use_experimental_parser': 'False', 'introspect': 'True', 'profiles_dir': '/Users/prasadpatil/.dbt', 'indirect_selection': 'eager'}
[0m03:09:29.716415 [debug] [MainThread]: Starter project path: /Users/prasadpatil/Downloads/Smartshop Analytical Platform/venv/lib/python3.11/site-packages/dbt/include/starter_project
[0m03:09:29.721112 [info ] [MainThread]: 
Your new dbt project "smartshop_dbt" was created!

For more information on how to configure the profiles.yml file,
please consult the dbt documentation here:

  https://docs.getdbt.com/docs/configure-your-profile

One more thing:

Need help? Don't hesitate to reach out to us via GitHub issues or on Slack:

  https://community.getdbt.com/

Happy modeling!

[0m03:09:29.721278 [info ] [MainThread]: Setting up your profile.
[0m03:11:11.909590 [debug] [MainThread]: Traceback (most recent call last):
  File "/Users/prasadpatil/Downloads/Smartshop Analytical Platform/venv/lib/python3.11/site-packages/dbt/adapters/factory.py", line 68, in load_plugin
    mod: Any = import_module("." + name, "dbt.adapters")
               ^^^^^^^^^^^^^^^^^^^^^^^^^^^^^^^^^^^^^^^^^
  File "/Users/prasadpatil/.pyenv/versions/3.11.9/lib/python3.11/importlib/__init__.py", line 126, in import_module
    return _bootstrap._gcd_import(name[level:], package, level)
           ^^^^^^^^^^^^^^^^^^^^^^^^^^^^^^^^^^^^^^^^^^^^^^^^^^^^
  File "<frozen importlib._bootstrap>", line 1204, in _gcd_import
  File "<frozen importlib._bootstrap>", line 1176, in _find_and_load
  File "<frozen importlib._bootstrap>", line 1147, in _find_and_load_unlocked
  File "<frozen importlib._bootstrap>", line 690, in _load_unlocked
  File "<frozen importlib._bootstrap_external>", line 940, in exec_module
  File "<frozen importlib._bootstrap>", line 241, in _call_with_frames_removed
  File "/Users/prasadpatil/Downloads/Smartshop Analytical Platform/venv/lib/python3.11/site-packages/dbt/adapters/databricks/__init__.py", line 4, in <module>
    from dbt.adapters.databricks.impl import DatabricksAdapter
  File "/Users/prasadpatil/Downloads/Smartshop Analytical Platform/venv/lib/python3.11/site-packages/dbt/adapters/databricks/impl.py", line 24, in <module>
    from dbt.adapters.spark.impl import (
ModuleNotFoundError: No module named 'dbt.adapters.spark'

[0m03:11:11.910883 [error] [MainThread]: Encountered an error:
No module named 'dbt.adapters.spark'
[0m03:11:11.913166 [error] [MainThread]: Traceback (most recent call last):
  File "/Users/prasadpatil/Downloads/Smartshop Analytical Platform/venv/lib/python3.11/site-packages/dbt/cli/requires.py", line 182, in wrapper
    result, success = func(*args, **kwargs)
                      ^^^^^^^^^^^^^^^^^^^^^
  File "/Users/prasadpatil/Downloads/Smartshop Analytical Platform/venv/lib/python3.11/site-packages/dbt/cli/requires.py", line 128, in wrapper
    return func(*args, **kwargs)
           ^^^^^^^^^^^^^^^^^^^^^
  File "/Users/prasadpatil/Downloads/Smartshop Analytical Platform/venv/lib/python3.11/site-packages/dbt/cli/main.py", line 488, in init
    results = task.run()
              ^^^^^^^^^^
  File "/Users/prasadpatil/Downloads/Smartshop Analytical Platform/venv/lib/python3.11/site-packages/dbt/task/init.py", line 346, in run
    self.setup_profile(profile_name)
  File "/Users/prasadpatil/Downloads/Smartshop Analytical Platform/venv/lib/python3.11/site-packages/dbt/task/init.py", line 262, in setup_profile
    self.create_profile_from_target(adapter, profile_name=profile_name)
  File "/Users/prasadpatil/Downloads/Smartshop Analytical Platform/venv/lib/python3.11/site-packages/dbt/task/init.py", line 172, in create_profile_from_target
    load_plugin(adapter)
  File "/Users/prasadpatil/Downloads/Smartshop Analytical Platform/venv/lib/python3.11/site-packages/dbt/adapters/factory.py", line 239, in load_plugin
    return FACTORY.load_plugin(name)
           ^^^^^^^^^^^^^^^^^^^^^^^^^
  File "/Users/prasadpatil/Downloads/Smartshop Analytical Platform/venv/lib/python3.11/site-packages/dbt/adapters/factory.py", line 68, in load_plugin
    mod: Any = import_module("." + name, "dbt.adapters")
               ^^^^^^^^^^^^^^^^^^^^^^^^^^^^^^^^^^^^^^^^^
  File "/Users/prasadpatil/.pyenv/versions/3.11.9/lib/python3.11/importlib/__init__.py", line 126, in import_module
    return _bootstrap._gcd_import(name[level:], package, level)
           ^^^^^^^^^^^^^^^^^^^^^^^^^^^^^^^^^^^^^^^^^^^^^^^^^^^^
  File "<frozen importlib._bootstrap>", line 1204, in _gcd_import
  File "<frozen importlib._bootstrap>", line 1176, in _find_and_load
  File "<frozen importlib._bootstrap>", line 1147, in _find_and_load_unlocked
  File "<frozen importlib._bootstrap>", line 690, in _load_unlocked
  File "<frozen importlib._bootstrap_external>", line 940, in exec_module
  File "<frozen importlib._bootstrap>", line 241, in _call_with_frames_removed
  File "/Users/prasadpatil/Downloads/Smartshop Analytical Platform/venv/lib/python3.11/site-packages/dbt/adapters/databricks/__init__.py", line 4, in <module>
    from dbt.adapters.databricks.impl import DatabricksAdapter
  File "/Users/prasadpatil/Downloads/Smartshop Analytical Platform/venv/lib/python3.11/site-packages/dbt/adapters/databricks/impl.py", line 24, in <module>
    from dbt.adapters.spark.impl import (
ModuleNotFoundError: No module named 'dbt.adapters.spark'

[0m03:11:12.089647 [debug] [MainThread]: Resource report: {"command_name": "init", "command_success": false, "command_wall_clock_time": 102.42859, "process_in_blocks": "0", "process_kernel_time": 0.253832, "process_mem_max_rss": "136445952", "process_out_blocks": "0", "process_user_time": 1.085271}
[0m03:11:12.090842 [debug] [MainThread]: Command `dbt init` failed at 03:11:12.090330 after 102.43 seconds
[0m03:11:12.091293 [debug] [MainThread]: Sending event: {'category': 'dbt', 'action': 'invocation', 'label': 'end', 'context': [<snowplow_tracker.self_describing_json.SelfDescribingJson object at 0x10a28ee50>, <snowplow_tracker.self_describing_json.SelfDescribingJson object at 0x10a28eed0>, <snowplow_tracker.self_describing_json.SelfDescribingJson object at 0x10a3489d0>]}
[0m03:11:12.091711 [debug] [MainThread]: Flushing usage events
[0m03:11:12.411826 [debug] [MainThread]: An error was encountered while trying to flush usage events
[0m03:16:04.125158 [debug] [MainThread]: Sending event: {'category': 'dbt', 'action': 'invocation', 'label': 'start', 'context': [<snowplow_tracker.self_describing_json.SelfDescribingJson object at 0x10da15190>, <snowplow_tracker.self_describing_json.SelfDescribingJson object at 0x10da15290>, <snowplow_tracker.self_describing_json.SelfDescribingJson object at 0x10da9ffd0>]}


============================== 03:16:04.127528 | b960c0ef-ce40-49ba-a4c9-37f0854604f7 ==============================
[0m03:16:04.127528 [info ] [MainThread]: Running with dbt=1.11.8
[0m03:16:04.127804 [debug] [MainThread]: running dbt with arguments {'cache_selected_only': 'False', 'use_experimental_parser': 'False', 'log_cache_events': 'False', 'use_colors': 'True', 'fail_fast': 'False', 'profiles_dir': '/Users/prasadpatil/.dbt', 'log_format': 'default', 'quiet': 'False', 'introspect': 'True', 'target_path': 'None', 'write_json': 'True', 'empty': 'None', 'warn_error': 'None', 'send_anonymous_usage_stats': 'True', 'invocation_command': 'dbt init smartshop_dbt', 'partial_parse': 'True', 'version_check': 'True', 'debug': 'False', 'static_parser': 'True', 'warn_error_options': 'WarnErrorOptionsV2(error=[], warn=[], silence=[])', 'log_path': 'logs', 'no_print': 'None', 'indirect_selection': 'eager', 'printer_width': '80'}
[0m03:16:04.136215 [info ] [MainThread]: A project called smartshop_dbt already exists here.
[0m03:16:04.137931 [debug] [MainThread]: Resource report: {"command_name": "init", "command_success": true, "command_wall_clock_time": 0.05715875, "process_in_blocks": "0", "process_kernel_time": 0.132935, "process_mem_max_rss": "115507200", "process_out_blocks": "0", "process_user_time": 0.593655}
[0m03:16:04.138134 [debug] [MainThread]: Command `dbt init` succeeded at 03:16:04.138090 after 0.06 seconds
[0m03:16:04.138290 [debug] [MainThread]: Sending event: {'category': 'dbt', 'action': 'invocation', 'label': 'end', 'context': [<snowplow_tracker.self_describing_json.SelfDescribingJson object at 0x10da9fc90>, <snowplow_tracker.self_describing_json.SelfDescribingJson object at 0x10da9fad0>, <snowplow_tracker.self_describing_json.SelfDescribingJson object at 0x10d95ac50>]}
[0m03:16:04.138438 [debug] [MainThread]: Flushing usage events
[0m03:16:04.459189 [debug] [MainThread]: An error was encountered while trying to flush usage events
[0m21:12:09.281462 [debug] [MainThread]: Sending event: {'category': 'dbt', 'action': 'invocation', 'label': 'start', 'context': [<snowplow_tracker.self_describing_json.SelfDescribingJson object at 0x10d5d6990>, <snowplow_tracker.self_describing_json.SelfDescribingJson object at 0x10d763fd0>, <snowplow_tracker.self_describing_json.SelfDescribingJson object at 0x10d763dd0>]}


============================== 21:12:09.284643 | 302a7244-27b7-44e2-863b-e1fc8a76a054 ==============================
[0m21:12:09.284643 [info ] [MainThread]: Running with dbt=1.11.8
[0m21:12:09.284909 [debug] [MainThread]: running dbt with arguments {'log_cache_events': 'False', 'indirect_selection': 'eager', 'cache_selected_only': 'False', 'warn_error': 'None', 'write_json': 'True', 'fail_fast': 'False', 'introspect': 'True', 'warn_error_options': 'WarnErrorOptionsV2(error=[], warn=[], silence=[])', 'debug': 'False', 'profiles_dir': '/Users/prasadpatil/.dbt', 'send_anonymous_usage_stats': 'True', 'no_print': 'None', 'target_path': 'None', 'partial_parse': 'True', 'use_colors': 'True', 'quiet': 'False', 'empty': 'False', 'use_experimental_parser': 'False', 'version_check': 'True', 'log_path': 'logs', 'static_parser': 'True', 'log_format': 'default', 'printer_width': '80', 'invocation_command': 'dbt run --select top_products'}
[0m21:12:09.285173 [error] [MainThread]: Encountered an error:
Runtime Error
  No dbt_project.yml found at expected path /Users/prasadpatil/Downloads/Smartshop Analytical Platform/dbt_project.yml
  Verify that each entry within packages.yml (and their transitive dependencies) contains a file named dbt_project.yml
  
[0m21:12:09.291742 [debug] [MainThread]: Resource report: {"command_name": "run", "command_success": false, "command_wall_clock_time": 0.049477544, "process_in_blocks": "0", "process_kernel_time": 0.152693, "process_mem_max_rss": "115245056", "process_out_blocks": "0", "process_user_time": 0.592969}
[0m21:12:09.291952 [debug] [MainThread]: Command `dbt run` failed at 21:12:09.291909 after 0.05 seconds
[0m21:12:09.292112 [debug] [MainThread]: Sending event: {'category': 'dbt', 'action': 'invocation', 'label': 'end', 'context': [<snowplow_tracker.self_describing_json.SelfDescribingJson object at 0x10d5bea90>, <snowplow_tracker.self_describing_json.SelfDescribingJson object at 0x104422190>, <snowplow_tracker.self_describing_json.SelfDescribingJson object at 0x10d749f10>]}
[0m21:12:09.292262 [debug] [MainThread]: Flushing usage events
[0m21:12:09.581064 [debug] [MainThread]: An error was encountered while trying to flush usage events
